<?xml version="1.0" encoding="utf-8"?><testsuites name="pytest tests"><testsuite name="pytest" errors="0" failures="0" skipped="0" tests="0" time="0.015" timestamp="2026-08-16T18:48:34.902116+05:30" hostname="DESKTOP-MI2LB2E" /></testsuites>